hey, this is a test output
